########################################################################################################################
# AUTOSAR Renesas R4.8.0 DIO Driver Generation Tool for X2x                   
# Run time      = [10 Jul 2026 - 18:49:23]
#    Command line arguments = U2B24-E.arxml
#	..\X2x\modules\dio\generator\U2B24-E\R2211_dio_U2B24-E_BSWMDT.arxml
#	..\X2x\common\generic\stubs\22_11\Os\xml\Os_dio.arxml
#	..\X2x\common\generic\stubs\22_11\EcuC\xml\EcuC_dio.arxml
#
# Copyright(c) 2023, 2024 Renesas Electronics Corporation. All rights reserved.
########################################################################################################################

INF000001: Tool Version: MCALConfGen.exe version: 2.3.0, DioU2Bx-E.dll 
           version: 2.4.1 
INF000002: Command line arguments: MCALConfGen.exe -m dio -o dio_output  
           U2B24-E.arxml Translation.trxml  
           ..\X2x\modules\dio\generator\U2B24-E\R2211_dio_U2B24-E_BSWMDT.arxml  
           ..\X2x\common\generic\stubs\22_11\Os\xml\Os_dio.arxml 
           ..\X2x\common\generic\stubs\22_11\EcuC\xml\EcuC_dio.arxml 
INF000004: Opened file <dio_output\src\Dio_Lcfg.c> at [10 Jul 2026 - 
           18:49:23]. 
INF000004: Opened file <dio_output\include\Dio_Cfg.h> at [10 Jul 2026 - 
           18:49:23]. 
INF000004: Opened file <dio_output\Dio.log> at [10 Jul 2026 - 18:49:23]. 
INF000005: <0> Error(s) and <0> Warning(s) detected. 
INF000006: Execution completed successfully. 

