########################################################################################################################
# AUTOSAR Renesas R4.8.0 LIN Driver Generation Tool for X2x                   
# Run time      = [10 Jul 2026 - 18:49:41]
#    Command line arguments = U2B24-E.arxml
#	..\X2x\modules\lin\generator\U2B24-E\R2211_lin_U2B24-E_BSWMDT.arxml
#	..\X2x\common\generic\stubs\22_11\Dem\xml\Dem_lin.arxml
#	..\X2x\common\generic\stubs\22_11\EcuM\xml\EcuM_lin.arxml
#	..\X2x\common\generic\stubs\22_11\Os\xml\Os_lin.arxml
#	..\X2x\common\generic\stubs\22_11\EcuC\xml\EcuC_lin.arxml
#
# Copyright(c) 2023, 2024 Renesas Electronics Corporation. All rights reserved.
########################################################################################################################

INF000001: Tool Version: MCALConfGen.exe version: 2.3.0, LinU2Bx-E.dll 
           version: 2.4.1 
INF000002: Command line arguments: MCALConfGen.exe -m lin -o lin_output  
           U2B24-E.arxml Translation.trxml  
           ..\X2x\modules\lin\generator\U2B24-E\R2211_lin_U2B24-E_BSWMDT.arxml  
           ..\X2x\common\generic\stubs\22_11\Dem\xml\Dem_lin.arxml  
           ..\X2x\common\generic\stubs\22_11\EcuM\xml\EcuM_lin.arxml  
           ..\X2x\common\generic\stubs\22_11\Os\xml\Os_lin.arxml 
           ..\X2x\common\generic\stubs\22_11\EcuC\xml\EcuC_lin.arxml 
WRN082005: The DemEventParameter configured by parameter 'LIN_E_TIMEOUT'  
           was disabled since the paramter  
           'Dem/DemConfigSet/DemEventParameter/DemEventReportingType' is 
           not configured or set to <STANDARD_REPORTING>. 
WRN082005: The DemEventParameter configured by parameter  
           'LIN_E_TIMEOUT_FAILURE' was disabled since the paramter  
           'Dem/DemConfigSet/DemEventParameter/DemEventReportingType' is 
           not configured or set to <STANDARD_REPORTING>. 
INF082001: The parameter 'LinEnableClockRefImmediateValue' in the container  
           'LinGeneral' is configured as false. For the channel with  
           'LinChannel' container having short name 'LinChannel' within  
           the configuration set 'LinGlobalConfig', only the parameter  
           'LinChannelClockRef' will be used, and the parameter 
           'LinChannelClockRefImmediateValue' will not be used. 
INF082001: The parameter 'LinEnableClockRefImmediateValue' in the container  
           'LinGeneral' is configured as false. For the channel with  
           'LinChannel' container having short name 'LinChannel_001'  
           within the configuration set 'LinGlobalConfig', only the  
           parameter 'LinChannelClockRef' will be used, and the parameter 
           'LinChannelClockRefImmediateValue' will not be used. 
INF082001: The parameter 'LinEnableClockRefImmediateValue' in the container  
           'LinGeneral' is configured as false. For the channel with  
           'LinChannel' container having short name 'LinChannel_002'  
           within the configuration set 'LinGlobalConfig', only the  
           parameter 'LinChannelClockRef' will be used, and the parameter 
           'LinChannelClockRefImmediateValue' will not be used. 
INF082001: The parameter 'LinEnableClockRefImmediateValue' in the container  
           'LinGeneral' is configured as false. For the channel with  
           'LinChannel' container having short name 'LinChannel_003'  
           within the configuration set 'LinGlobalConfig', only the  
           parameter 'LinChannelClockRef' will be used, and the parameter 
           'LinChannelClockRefImmediateValue' will not be used. 
INF082001: The parameter 'LinEnableClockRefImmediateValue' in the container  
           'LinGeneral' is configured as false. For the channel with  
           'LinChannel' container having short name 'LinChannel_004'  
           within the configuration set 'LinGlobalConfig', only the  
           parameter 'LinChannelClockRef' will be used, and the parameter 
           'LinChannelClockRefImmediateValue' will not be used. 
INF082001: The parameter 'LinEnableClockRefImmediateValue' in the container  
           'LinGeneral' is configured as false. For the channel with  
           'LinChannel' container having short name 'LinChannel_005'  
           within the configuration set 'LinGlobalConfig', only the  
           parameter 'LinChannelClockRef' will be used, and the parameter 
           'LinChannelClockRefImmediateValue' will not be used. 
INF000004: Opened file <lin_output\include\Lin_Cfg.h> at [10 Jul 2026 - 
           18:49:41]. 
INF000004: Opened file <lin_output\src\Lin_PBcfg.c> at [10 Jul 2026 - 
           18:49:41]. 
INF000004: Opened file <lin_output\Lin.log> at [10 Jul 2026 - 18:49:41]. 
INF000005: <0> Error(s) and <2> Warning(s) detected. 
INF000007: Execution completed successfully with warnings. 

