########################################################################################################################
# AUTOSAR Renesas R4.8.0 MCU Driver Generation Tool for X2x                   
# Run time      = [13 Jul 2026 - 15:38:52]
#    Command line arguments = U2B24-E.arxml
#	..\X2x\modules\mcu\generator\U2B24-E\R2211_mcu_U2B24-E_BSWMDT.arxml
#	..\X2x\common\generic\stubs\22_11\Dem\xml\Dem_mcu.arxml
#	..\X2x\common\generic\stubs\22_11\EcuC\xml\EcuC_mcu.arxml
#
# Copyright(c) 2023, 2024 Renesas Electronics Corporation. All rights reserved.
########################################################################################################################

INF000001: Tool Version: MCALConfGen.exe version: 2.3.0, McuU2Bx-E.dll 
           version: 2.4.1 
INF000002: Command line arguments: MCALConfGen.exe -m mcu -o mcu_output  
           U2B24-E.arxml Translation.trxml  
           ..\X2x\modules\mcu\generator\U2B24-E\R2211_mcu_U2B24-E_BSWMDT.arxml  
           ..\X2x\common\generic\stubs\22_11\Dem\xml\Dem_mcu.arxml 
           ..\X2x\common\generic\stubs\22_11\EcuC\xml\EcuC_mcu.arxml 
WRN101007: The value of the parameter 'MCU_E_ECM_INT_INCONSISTENT' should  
           not be configured since the parameter  
           'McuEcmInterruptConsistencyCheck' is configured as 'false' .  
           File Name: U2B24-E.arxml Path: 
           /ActiveEcuC/Mcu/McuModuleConfiguration/McuDemEventParameterRefs 
WRN101008: The DEM Error configured by the parameter  
           /ActiveEcuC/Dem/DemConfigSet/DemEventParameter was disabled  
           since the paramter  
           Dem/DemConfigSet/DemEventParameter/DemEventReportingType is  
           not set to STANDARD_REPORTING. File Name: U2B24-E.arxml Path: 
           /ActiveEcuC/Mcu/McuModuleConfiguration/McuDemEventParameterRefs 
WRN101008: The DEM Error configured by the parameter  
           /ActiveEcuC/Dem/DemConfigSet/DemEventParameter_003 was  
           disabled since the paramter  
           Dem/DemConfigSet/DemEventParameter/DemEventReportingType is  
           not set to STANDARD_REPORTING. File Name: U2B24-E.arxml Path: 
           /ActiveEcuC/Mcu/McuModuleConfiguration/McuDemEventParameterRefs 
WRN101008: The DEM Error configured by the parameter  
           /ActiveEcuC/Dem/DemConfigSet/DemEventParameter_004 was  
           disabled since the paramter  
           Dem/DemConfigSet/DemEventParameter/DemEventReportingType is  
           not set to STANDARD_REPORTING. File Name: U2B24-E.arxml Path: 
           /ActiveEcuC/Mcu/McuModuleConfiguration/McuDemEventParameterRefs 
WRN101008: The DEM Error configured by the parameter  
           /ActiveEcuC/Dem/DemConfigSet/DemEventParameter_002 was  
           disabled since the paramter  
           Dem/DemConfigSet/DemEventParameter/DemEventReportingType is  
           not set to STANDARD_REPORTING. File Name: U2B24-E.arxml Path: 
           /ActiveEcuC/Mcu/McuModuleConfiguration/McuDemEventParameterRefs 
INF000004: Opened file <mcu_output\include\Mcu_Cbk.h> at [13 Jul 2026 - 
           15:38:52]. 
INF000004: Opened file <mcu_output\include\Mcu_Cfg.h> at [13 Jul 2026 - 
           15:38:52]. 
INF000004: Opened file <mcu_output\src\Mcu_PBcfg.c> at [13 Jul 2026 - 
           15:38:52]. 
INF000004: Opened file <mcu_output\Mcu.log> at [13 Jul 2026 - 15:38:52]. 
INF000005: <0> Error(s) and <5> Warning(s) detected. 
INF000007: Execution completed successfully with warnings. 

