########################################################################################################################
# AUTOSAR Renesas R4.8.0 PORT Driver Generation Tool for X2x                   
# Run time      = [10 Jul 2026 - 18:49:57]
#    Command line arguments = .\U2B24-E.arxml
#	..\X2x\modules\port\generator\U2B24-E\R2211_port_U2B24-E_BSWMDT.arxml
#	..\X2x\common\generic\stubs\22_11\Dem\xml\Dem_port.arxml
#	..\X2x\common\generic\stubs\22_11\Os\xml\Os_port.arxml
#	..\X2x\common\generic\stubs\22_11\EcuC\xml\EcuC_port.arxml
#
# Copyright(c) 2023, 2024 Renesas Electronics Corporation. All rights reserved.
########################################################################################################################

INF000001: Tool Version: MCALConfGen.exe version: 2.3.0, PortU2Bx-E.dll 
           version: 2.4.1 
INF000002: Command line arguments: MCALConfGen.exe -m port -o port_output  
           .\U2B24-E.arxml Translation.trxml  
           ..\X2x\modules\port\generator\U2B24-E\R2211_port_U2B24-E_BSWMDT.arxml  
           ..\X2x\common\generic\stubs\22_11\Dem\xml\Dem_port.arxml  
           ..\X2x\common\generic\stubs\22_11\Os\xml\Os_port.arxml 
           ..\X2x\common\generic\stubs\22_11\EcuC\xml\EcuC_port.arxml 
WRN124008: The Dem Error configured by parameter  
           ‘PORT_E_WRITE_TIMEOUT_FAILURE’ was disabled since the paramter  
           '/ActiveEcuC/Dem/DemConfigSet/DemEventParameter/DemEventReportingType' 
           is not set to STANDARD_REPORTING. 
INF000004: Opened file <port_output\include\Port_Cfg.h> at [10 Jul 2026 - 
           18:49:57]. 
INF000004: Opened file <port_output\src\Port_PBcfg.c> at [10 Jul 2026 - 
           18:49:57]. 
INF000004: Opened file <port_output\Port.log> at [10 Jul 2026 - 18:49:57]. 
INF000005: <0> Error(s) and <1> Warning(s) detected. 
INF000007: Execution completed successfully with warnings. 

